// Jest Snapshot v1, https://goo.gl/fbAQLP

exports[`Film List Form 1`] = `
<RCTScrollView
  dataSource={
    ListViewDataSource {
      "items": 0,
    }
  }
  enableEmptySections={true}
  renderRow={[Function]}
  renderScrollComponent={[Function]}
>
  <View />
</RCTScrollView>
`;
